[maestrolux.vercel.app/medical/en/index.html]
[maestrolux.vercel.app/medical/assets/favicons/apple-icon-57x57.png]
[maestrolux.vercel.app/medical/assets/favicons/apple-icon-60x60.png]
[maestrolux.vercel.app/medical/assets/favicons/apple-icon-72x72.png]
[maestrolux.vercel.app/medical/assets/favicons/apple-icon-76x76.png]
[maestrolux.vercel.app/medical/assets/favicons/apple-icon-114x114.png]
[maestrolux.vercel.app/medical/assets/favicons/apple-icon-120x120.png]
[maestrolux.vercel.app/medical/assets/favicons/apple-icon-144x144.png]
[maestrolux.vercel.app/medical/assets/favicons/apple-icon-152x152.png]
[maestrolux.vercel.app/medical/assets/favicons/apple-icon-180x180.png]
[maestrolux.vercel.app/medical/assets/favicons/android-icon-192x192.png]
[maestrolux.vercel.app/medical/assets/favicons/favicon-32x32.png]
[maestrolux.vercel.app/medical/assets/favicons/favicon-96x96.png]
[maestrolux.vercel.app/medical/assets/favicons/favicon-16x16.png]
[maestrolux.vercel.app/medical/assets/favicons/ms-icon-144x144.png]
[code.ionicframework.com/ionicons/2.0.1/css/ionicons.min.css]
[maestrolux.vercel.app/medical/assets/images/logo.png]
[backblue.gif]
[fade.gif]
[index.html]
[maestrolux.vercel.app/images/medical-logo.png]
[maestrolux.vercel.app/assets/css/side-right.css]
[maestrolux.vercel.app/medical/assets/css/medical-bundle.min.css]
[maestrolux.vercel.app/medical/assets/images/loading.gif]
[ik.imagekit.io/q5gfy1zcvl/MedicalVue_G-G63g6WC.jpg]
[ik.imagekit.io/q5gfy1zcvl/Carrd_Movie_wLFQlbgzu.jpg]
[ik.imagekit.io/q5gfy1zcvl/Card_Education_xAfWF_8N8.jpg]
[ik.imagekit.io/q5gfy1zcvl/03_08_preview_saas_MZBg7aLZU.jpg]
[ik.imagekit.io/q5gfy1zcvl/03_06_preview_mobile_HJux8GYHg.jpg]
[ik.imagekit.io/q5gfy1zcvl/Card_Agency2_yQxwhkOOF.jpg]
[ik.imagekit.io/q5gfy1zcvl/ProfileVue_8FMHuqqJ8.jpg]
[ik.imagekit.io/q5gfy1zcvl/CoinzVue_l-DV3hy73q.jpg]
[ik.imagekit.io/q5gfy1zcvl/FashionVue_aJ6pH1tCn.jpg]
[ik.imagekit.io/q5gfy1zcvl/Card_Hosting2_1dr05XJSv.jpg]
[ik.imagekit.io/q5gfy1zcvl/ArchitectVue_mRDTrcrZ-.jpg]
[ik.imagekit.io/q5gfy1zcvl/docs_G4-Yw2hVC.jpg]
[maestrolux.vercel.app/medical/en/contact.html]
[maestrolux.vercel.app/medical/assets/images/medical-logo.png]
[res.cloudinary.com/imajin/image/upload/v1591430109/medical/doctor_ws5upi.jpg]
[res.cloudinary.com/imajin/image/upload/v1591431236/medical/about_nzdnjx.jpg]
[res.cloudinary.com/imajin/image/upload/v1591430109/medical/clinic2_bbmrbf.jpg]
[res.cloudinary.com/imajin/image/upload/v1591430109/medical/clinic5_kv83cj.jpg]
[res.cloudinary.com/imajin/image/upload/v1591430109/medical/clinic4_lmtil0.jpg]
[res.cloudinary.com/imajin/image/upload/v1591430109/medical/clinic3_mrsrew.jpg]
[res.cloudinary.com/imajin/image/upload/v1591430109/medical/clinic_mptn6n.jpg]
[res.cloudinary.com/imajin/image/upload/v1591430110/medical/f1_bep9vx.jpg]
[res.cloudinary.com/imajin/image/upload/v1591430110/medical/m3_akbcum.jpg]
[res.cloudinary.com/imajin/image/upload/v1591430110/medical/f2_ov9wma.jpg]
[res.cloudinary.com/imajin/image/upload/v1591430110/medical/m1_qihg3z.jpg]
[res.cloudinary.com/imajin/image/upload/v1591430110/medical/m2_ovd31s.jpg]
[res.cloudinary.com/imajin/image/upload/v1591430110/medical/f3_qhwcqe.jpg]
[randomuser.me/api/portraits/men/3.jpg]
[randomuser.me/api/portraits/women/8.jpg]
[randomuser.me/api/portraits/women/17.jpg]
[randomuser.me/api/portraits/women/90.jpg]
[randomuser.me/api/portraits/women/44.jpg]
[randomuser.me/api/portraits/men/75.jpg]
[randomuser.me/api/portraits/men/4.jpg]
[maestrolux.vercel.app/medical/assets/js/medical-bundle.min.js]
[maestrolux.vercel.app/medical/en/index.html]
[code.ionicframework.com/ionicons/2.0.1/css/ionicons.min.css]
[maestrolux.vercel.app/medical/assets/images/404.html]
[maestrolux.vercel.app/images/404.html]
[maestrolux.vercel.app/assets/css/side-right.css]
[maestrolux.vercel.app/assets/js/side-right.js]
[maestrolux.vercel.app/medical/assets/css/fonts/slick.eot]
[maestrolux.vercel.app/medical/assets/css/fonts/slickd41d.eot]
[maestrolux.vercel.app/medical/assets/css/fonts/slick.woff]
[maestrolux.vercel.app/medical/assets/css/fonts/slick.ttf]
[maestrolux.vercel.app/medical/assets/css/fonts/slick.svg]
[i.ibb.co/1dcL4P5/doctor-big-vnuayx.jpg]
[maestrolux.vercel.app/medical/assets/css/medical-bundle.min.css]
[maestrolux.vercel.app/medical/en/contact.html]
[maestrolux.vercel.app/medical/assets/css/fonts/slick.svg]
